// Jest Snapshot v1, https://goo.gl/fbAQLP

exports[`Aliases renders an aliases control component 1`] = `
<div
  id="page-aliases"
>
  <div
    className="ui container"
  >
    <article
      id="content"
    >
      <div
        className="ui raised segments"
      >
        <div
          className="ui segment primary"
        >
          URL Management
        </div>
        <form
          className="ui form"
          onSubmit={[Function]}
        >
          <div
            className="ui segment"
          >
            <div
              className="ui medium header"
            >
              Alternative url path (Required)
            </div>
            <p
              className="help"
            >
              Enter the absolute path where the alternative url should exist. The path must start with '/'. Only urls that result in a 404 not found page will result in a redirect occurring.
            </p>
            <div
              className="field"
            >
              <div
                className="ui input"
              >
                <input
                  name="alternative-url-path"
                  onChange={[Function]}
                  placeholder="/example"
                  type="text"
                  value=""
                />
              </div>
            </div>
            <div
              className="ui medium header"
            >
              Target Path (Required)
            </div>
            <p
              className="help"
            >
              Enter the absolute path of the target. The path must start with '/'. Target must exist or be an existing alternative url path to the target.
            </p>
            <div
              className="field"
            >
              <div
                className="ui input"
              >
                <input
                  name="target-url-path"
                  onChange={[Function]}
                  placeholder="/example"
                  type="text"
                  value=""
                />
              </div>
            </div>
            <button
              className="ui primary disabled button"
              disabled={true}
              onClick={[Function]}
              tabIndex={-1}
            >
              Add
            </button>
            
          </div>
        </form>
        <form
          className="ui form"
          onSubmit={[Function]}
        >
          <div
            className="ui segment primary"
          >
            <div
              className="ui medium header"
            >
              All existing alternative urls for this site
            </div>
            <div
              className="ui small header"
            >
              Filter by prefix
            </div>
            <div
              className="field"
            >
              <div
                className="ui input"
              >
                <input
                  name="filter"
                  onChange={[Function]}
                  placeholder="/example"
                  type="text"
                  value=""
                />
              </div>
            </div>
            <div
              className="ui small header"
            >
              Manually or automatically added?
            </div>
            <div
              className="field"
            >
              <div
                className="ui checked radio checkbox"
                onChange={[Function]}
                onClick={[Function]}
                onMouseDown={[Function]}
                onMouseUp={[Function]}
              >
                <input
                  checked={true}
                  className="hidden"
                  name="radioGroup"
                  readOnly={true}
                  tabIndex={0}
                  type="radio"
                  value=""
                />
                <label>
                  Both
                </label>
              </div>
            </div>
            <div
              className="field"
            >
              <div
                className="ui radio checkbox"
                onChange={[Function]}
                onClick={[Function]}
                onMouseDown={[Function]}
                onMouseUp={[Function]}
              >
                <input
                  checked={false}
                  className="hidden"
                  name="radioGroup"
                  readOnly={true}
                  tabIndex={0}
                  type="radio"
                  value="no"
                />
                <label>
                  Automatically
                </label>
              </div>
            </div>
            <div
              className="field"
            >
              <div
                className="ui radio checkbox"
                onChange={[Function]}
                onClick={[Function]}
                onMouseDown={[Function]}
                onMouseUp={[Function]}
              >
                <input
                  checked={false}
                  className="hidden"
                  name="radioGroup"
                  readOnly={true}
                  tabIndex={0}
                  type="radio"
                  value="yes"
                />
                <label>
                  Manually
                </label>
              </div>
            </div>
            <div
              className="field"
            />
            <button
              className="ui primary button"
              onClick={[Function]}
            >
              Filter
            </button>
            <div
              className="ui small header"
            >
              Alternative url path â†’ target url path (date and time of creation, manually created yes/no)
            </div>
            <table
              className="ui table"
            >
              <tbody
                className=""
              >
                <tr
                  className=""
                >
                  <th
                    className=""
                  >
                    Select
                  </th>
                  <th
                    className=""
                  >
                    Alias
                  </th>
                  <th
                    className=""
                  >
                    Target
                  </th>
                  <th
                    className=""
                  >
                    Date
                  </th>
                  <th
                    className=""
                  >
                    Manual
                  </th>
                </tr>
              </tbody>
            </table>
            <div
              style={
                Object {
                  "alignItems": "center",
                  "display": "flex",
                  "flexWrap": "wrap",
                  "marginBottom": "20px",
                }
              }
            >
              
              <div
                className="right menu"
                style={
                  Object {
                    "display": "flex",
                    "marginLeft": "auto",
                  }
                }
              >
                <div
                  className="item"
                  onClick={[Function]}
                  style={
                    Object {
                      "color": "grey",
                    }
                  }
                >
                  Show
                  :
                </div>
                <a
                  className="active item"
                  onClick={[Function]}
                  style={
                    Object {
                      "cursor": "pointer",
                      "margin": "0em 0.357em",
                      "padding": "0 0.4em",
                    }
                  }
                  value={10}
                >
                  10
                </a>
                <a
                  className="item"
                  onClick={[Function]}
                  style={
                    Object {
                      "cursor": "pointer",
                      "margin": "0em 0.357em",
                      "padding": "0 0.4em",
                    }
                  }
                  value={25}
                >
                  25
                </a>
                <a
                  className="item"
                  onClick={[Function]}
                  style={
                    Object {
                      "cursor": "pointer",
                      "margin": "0em 0.357em",
                      "padding": "0 0.4em",
                    }
                  }
                  value={50}
                >
                  50
                </a>
                <a
                  className="item"
                  onClick={[Function]}
                  style={
                    Object {
                      "cursor": "pointer",
                      "margin": "0em 0.357em",
                      "padding": "0 0.4em",
                    }
                  }
                  value="All"
                >
                  All
                </a>
              </div>
            </div>
            <button
              className="ui primary disabled button"
              disabled={true}
              onClick={[Function]}
              tabIndex={-1}
            >
              Remove selected
            </button>
          </div>
        </form>
      </div>
    </article>
  </div>
  <div
    id="Portal"
  />
</div>
`;
